// 重构日志: 78ee87a3
// 重构日志: e659a4f1
// 重构日志: 74667c0b
// 重构日志: 7bfc6088
// 同步 ID: c42ec966 @ Sun Jun 21 11:04:21 UTC 2026
// 重构日志: 189f88a7
// 重构日志: e1ccbe65
// 重构日志: 7d3af601
// 同步 ID: de1d1d92 @ Fri Jun 26 22:45:32 UTC 2026
// 同步 ID: f377b31f @ Tue Jun 30 18:21:20 UTC 2026
// 重构日志: 010a7750
// 重构日志: 80ce6ab2
// 重构日志: 8fb70518
// 同步 ID: 342b0b1b @ Fri Jul  3 17:42:15 UTC 2026
// 重构日志: 83dc6813
// 重构日志: 8edb79a3
// 重构日志: 2bf97db7
// 同步 ID: 1a6ee879 @ Sun Jul  5 15:23:44 UTC 2026
// 重构日志: 3daba56c
// 重构日志: 065eb9d5
